// 重构日志: 54b199bc
// 重构日志: 80836a34
// 同步 ID: c3f8dd39 @ Sun Jul 12 20:55:17 UTC 2026
// 重构日志: 09ac3f17
// 重构日志: dd287bdc
// 重构日志: 74515b94
// 同步 ID: cb889c48 @ Sat Jul 18 14:10:34 UTC 2026
// 同步 ID: 77c86560 @ Sun Jul 19 01:27:44 UTC 2026
// 同步 ID: bd73c8cd @ Sun Jul 19 15:55:14 UTC 2026
// 重构日志: 5b0e21f6
// 重构日志: e8b6aac4
// 重构日志: 797e729b
// 重构日志: 91f2744b
// 重构日志: a32b86b1
// 重构日志: 69115ec5
// 同步 ID: 0c3f2443 @ Tue Jul 21 17:29:56 UTC 2026
// 重构日志: 53b3e785
// 重构日志: 1c4c3910
// 同步 ID: 48b48017 @ Wed Jul 22 11:30:47 UTC 2026
// 重构日志: e7e38320
// 同步 ID: d372f106 @ Thu Jul 23 08:01:21 UTC 2026
// 重构日志: d61331cb
// 重构日志: 53bcd6d6
// 同步 ID: 9919ed9d @ Sun Jul 26 12:31:29 UTC 2026
// 同步 ID: 7905cb35 @ Sun Jul 26 14:51:08 UTC 2026
// 重构日志: b178c3f4
// 重构日志: 46996e37
// 重构日志: 449b5c9a
// 重构日志: fb4a13ab
// 同步 ID: 248e0bcc @ Wed Jul 29 01:08:52 UTC 2026
// 重构日志: 2f6a56dd
